Collecting sentence-transformers>=3.0.0
  Using cached sentence_transformers-6.0.1-py3-none-any.whl.metadata (20 kB)
Collecting transformers<6.0.0,>=5.0.0 (from sentence-transformers>=3.0.0)
  Using cached transformers-5.17.0-py3-none-any.whl.metadata (32 kB)
Collecting tokenizers>=0.19 (from sentence-transformers>=3.0.0)
  Using cached tokenizers-0.23.2-cp310-abi3-manylinux_2_17_x86_64.manylinux2014_x86_64.whl.metadata (9.8 kB)
Collecting huggingface-hub<2.0.0,>=1.3.0 (from sentence-transformers>=3.0.0)
  Using cached huggingface_hub-1.31.0-py3-none-any.whl.metadata (16 kB)
Requirement already satisfied: torch>=2.2 in /usr/local/lib/python3.11/site-packages (from sentence-transformers>=3.0.0) (2.14.0+cpu)
Requirement already satisfied: numpy>=1.24.0 in /usr/local/lib/python3.11/site-packages (from sentence-transformers>=3.0.0) (2.4.6)
Collecting scikit-learn>=1.1.0 (from sentence-transformers>=3.0.0)
  Using cached scikit_learn-1.9.1-cp311-cp311-manylinux_2_27_x86_64.manylinux_2_28_x86_64.whl.metadata (9.3 kB)
Collecting scipy>=1.0.0 (from sentence-transformers>=3.0.0)
  Using cached scipy-1.17.1-cp311-cp311-manylinux_2_27_x86_64.manylinux_2_28_x86_64.whl.metadata (62 kB)
Requirement already satisfied: typing_extensions>=4.10.0 in /usr/local/lib/python3.11/site-packages (from sentence-transformers>=3.0.0) (4.16.0)
Collecting tqdm>=4.0.0 (from sentence-transformers>=3.0.0)
  Using cached tqdm-4.70.0-py3-none-any.whl.metadata (57 kB)
Requirement already satisfied: click<9.0.0,>=8.4.2 in /usr/local/lib/python3.11/site-packages (from huggingface-hub<2.0.0,>=1.3.0->sentence-transformers>=3.0.0) (8.5.0)
Requirement already satisfied: filelock>=3.10.0 in /usr/local/lib/python3.11/site-packages (from huggingface-hub<2.0.0,>=1.3.0->sentence-transformers>=3.0.0) (3.32.3)
Requirement already satisfied: fsspec>=2023.5.0 in /usr/local/lib/python3.11/site-packages (from huggingface-hub<2.0.0,>=1.3.0->sentence-transformers>=3.0.0) (2026.7.0)
Collecting hf-xet<2.0.0,>=1.5.2 (from huggingface-hub<2.0.0,>=1.3.0->sentence-transformers>=3.0.0)
  Using cached hf_xet-1.6.0-cp38-abi3-manylinux2014_x86_64.manylinux_2_17_x86_64.whl.metadata (4.9 kB)
Requirement already satisfied: httpx<1,>=0.23.0 in /usr/local/lib/python3.11/site-packages (from huggingface-hub<2.0.0,>=1.3.0->sentence-transformers>=3.0.0) (0.28.1)
Requirement already satisfied: packaging>=20.9 in /usr/local/lib/python3.11/site-packages (from huggingface-hub<2.0.0,>=1.3.0->sentence-transformers>=3.0.0) (26.3)
Requirement already satisfied: pyyaml>=5.1 in /usr/local/lib/python3.11/site-packages (from huggingface-hub<2.0.0,>=1.3.0->sentence-transformers>=3.0.0) (6.0.3)
Requirement already satisfied: anyio in /usr/local/lib/python3.11/site-packages (from httpx<1,>=0.23.0->huggingface-hub<2.0.0,>=1.3.0->sentence-transformers>=3.0.0) (4.14.2)
Requirement already satisfied: certifi in /usr/local/lib/python3.11/site-packages (from httpx<1,>=0.23.0->huggingface-hub<2.0.0,>=1.3.0->sentence-transformers>=3.0.0) (2026.7.22)
Requirement already satisfied: httpcore==1.* in /usr/local/lib/python3.11/site-packages (from httpx<1,>=0.23.0->huggingface-hub<2.0.0,>=1.3.0->sentence-transformers>=3.0.0) (1.0.9)
Requirement already satisfied: idna in /usr/local/lib/python3.11/site-packages (from httpx<1,>=0.23.0->huggingface-hub<2.0.0,>=1.3.0->sentence-transformers>=3.0.0) (3.19)
Requirement already satisfied: h11>=0.16 in /usr/local/lib/python3.11/site-packages (from httpcore==1.*->httpx<1,>=0.23.0->huggingface-hub<2.0.0,>=1.3.0->sentence-transformers>=3.0.0) (0.16.0)
Collecting regex>=2025.10.22 (from transformers<6.0.0,>=5.0.0->sentence-transformers>=3.0.0)
  Using cached regex-2026.9.10-cp311-cp311-manylinux2014_x86_64.manylinux_2_17_x86_64.manylinux_2_28_x86_64.whl.metadata (40 kB)
Collecting typer (from transformers<6.0.0,>=5.0.0->sentence-transformers>=3.0.0)
  Using cached typer-0.27.2-py3-none-any.whl.metadata (16 kB)
Collecting safetensors>=0.8.0 (from transformers<6.0.0,>=5.0.0->sentence-transformers>=3.0.0)
  Using cached safetensors-0.8.0-cp310-abi3-manylinux_2_17_x86_64.manylinux2014_x86_64.whl.metadata (4.2 kB)
Collecting joblib>=1.4.0 (from scikit-learn>=1.1.0->sentence-transformers>=3.0.0)
  Using cached joblib-1.6.0-py3-none-any.whl.metadata (6.5 kB)
Collecting narwhals>=2.0.1 (from scikit-learn>=1.1.0->sentence-transformers>=3.0.0)
  Using cached narwhals-2.26.0-py3-none-any.whl.metadata (15 kB)
Collecting threadpoolctl>=3.5.0 (from scikit-learn>=1.1.0->sentence-transformers>=3.0.0)
  Using cached threadpoolctl-3.6.0-py3-none-any.whl.metadata (13 kB)
Collecting cloudpickle>=3.0 (from joblib>=1.4.0->scikit-learn>=1.1.0->sentence-transformers>=3.0.0)
  Using cached cloudpickle-3.1.2-py3-none-any.whl.metadata (7.1 kB)
Requirement already satisfied: setuptools>=77.0.3 in /usr/local/lib/python3.11/site-packages (from torch>=2.2->sentence-transformers>=3.0.0) (79.0.1)
Requirement already satisfied: sympy>=1.13.3 in /usr/local/lib/python3.11/site-packages (from torch>=2.2->sentence-transformers>=3.0.0) (1.14.0)
Requirement already satisfied: networkx>=2.5.1 in /usr/local/lib/python3.11/site-packages (from torch>=2.2->sentence-transformers>=3.0.0) (3.6.1)
Requirement already satisfied: jinja2 in /usr/local/lib/python3.11/site-packages (from torch>=2.2->sentence-transformers>=3.0.0) (3.1.6)
Requirement already satisfied: mpmath<1.4,>=1.1.0 in /usr/local/lib/python3.11/site-packages (from sympy>=1.13.3->torch>=2.2->sentence-transformers>=3.0.0) (1.3.0)
Requirement already satisfied: MarkupSafe>=2.0 in /usr/local/lib/python3.11/site-packages (from jinja2->torch>=2.2->sentence-transformers>=3.0.0) (3.0.3)
Collecting shellingham>=1.3.0 (from typer->transformers<6.0.0,>=5.0.0->sentence-transformers>=3.0.0)
  Using cached shellingham-1.5.4-py2.py3-none-any.whl.metadata (3.5 kB)
Collecting rich>=13.8.0 (from typer->transformers<6.0.0,>=5.0.0->sentence-transformers>=3.0.0)
  Using cached rich-15.0.0-py3-none-any.whl.metadata (18 kB)
Requirement already satisfied: annotated-doc>=0.0.2 in /usr/local/lib/python3.11/site-packages (from typer->transformers<6.0.0,>=5.0.0->sentence-transformers>=3.0.0) (0.0.5)
Collecting markdown-it-py>=2.2.0 (from rich>=13.8.0->typer->transformers<6.0.0,>=5.0.0->sentence-transformers>=3.0.0)
  Using cached markdown_it_py-4.2.0-py3-none-any.whl.metadata (7.4 kB)
Requirement already satisfied: pygments<3.0.0,>=2.13.0 in /usr/local/lib/python3.11/site-packages (from rich>=13.8.0->typer->transformers<6.0.0,>=5.0.0->sentence-transformers>=3.0.0) (2.21.0)
Collecting mdurl~=0.1 (from markdown-it-py>=2.2.0->rich>=13.8.0->typer->transformers<6.0.0,>=5.0.0->sentence-transformers>=3.0.0)
  Using cached mdurl-0.1.2-py3-none-any.whl.metadata (1.6 kB)
Using cached sentence_transformers-6.0.1-py3-none-any.whl (739 kB)
Using cached huggingface_hub-1.31.0-py3-none-any.whl (798 kB)
Using cached hf_xet-1.6.0-cp38-abi3-manylinux2014_x86_64.manylinux_2_17_x86_64.whl (4.5 MB)
Using cached transformers-5.17.0-py3-none-any.whl (12.3 MB)
Using cached tokenizers-0.23.2-cp310-abi3-manylinux_2_17_x86_64.manylinux2014_x86_64.whl (3.4 MB)
Using cached regex-2026.9.10-cp311-cp311-manylinux2014_x86_64.manylinux_2_17_x86_64.manylinux_2_28_x86_64.whl (802 kB)
Using cached safetensors-0.8.0-cp310-abi3-manylinux_2_17_x86_64.manylinux2014_x86_64.whl (516 kB)
Using cached scikit_learn-1.9.1-cp311-cp311-manylinux_2_27_x86_64.manylinux_2_28_x86_64.whl (9.3 MB)
Using cached joblib-1.6.0-py3-none-any.whl (306 kB)
Using cached cloudpickle-3.1.2-py3-none-any.whl (22 kB)
Using cached narwhals-2.26.0-py3-none-any.whl (474 kB)
Using cached scipy-1.17.1-cp311-cp311-manylinux_2_27_x86_64.manylinux_2_28_x86_64.whl (35.3 MB)
Using cached threadpoolctl-3.6.0-py3-none-any.whl (18 kB)
Downloading tqdm-4.70.0-py3-none-any.whl (80 kB)
Downloading typer-0.27.2-py3-none-any.whl (123 kB)
Downloading rich-15.0.0-py3-none-any.whl (310 kB)
Downloading markdown_it_py-4.2.0-py3-none-any.whl (91 kB)
Downloading mdurl-0.1.2-py3-none-any.whl (10.0 kB)
Downloading shellingham-1.5.4-py2.py3-none-any.whl (9.8 kB)
Installing collected packages: tqdm, threadpoolctl, shellingham, scipy, safetensors, regex, narwhals, mdurl, hf-xet, cloudpickle, markdown-it-py, joblib, scikit-learn, rich, huggingface-hub, typer, tokenizers, transformers, sentence-transformers

Successfully installed cloudpickle-3.1.2 hf-xet-1.6.0 huggingface-hub-1.31.0 joblib-1.6.0 markdown-it-py-4.2.0 mdurl-0.1.2 narwhals-2.26.0 regex-2026.9.10 rich-15.0.0 safetensors-0.8.0 scikit-learn-1.9.1 scipy-1.17.1 sentence-transformers-6.0.1 shellingham-1.5.4 threadpoolctl-3.6.0 tokenizers-0.23.2 tqdm-4.70.0 transformers-5.17.0 typer-0.27.2
WARNING: Running pip as the 'root' user can result in broken permissions and conflicting behaviour with the system package manager, possibly rendering your system unusable. It is recommended to use a virtual environment instead: https://pip.pypa.io/warnings/venv. Use the --root-user-action option if you know what you are doing and want to suppress this warning.
