Collecting sentence-transformers>=3.0.0
  Using cached sentence_transformers-6.0.1-py3-none-any.whl.metadata (20 kB)
Collecting transformers<6.0.0,>=5.0.0 (from sentence-transformers>=3.0.0)
  Using cached transformers-5.17.0-py3-none-any.whl.metadata (32 kB)
Collecting tokenizers>=0.19 (from sentence-transformers>=3.0.0)
  Using cached tokenizers-0.23.2-cp310-abi3-manylinux_2_17_x86_64.manylinux2014_x86_64.whl.metadata (9.8 kB)
Collecting huggingface-hub<2.0.0,>=1.3.0 (from sentence-transformers>=3.0.0)
  Using cached huggingface_hub-1.31.0-py3-none-any.whl.metadata (16 kB)
Collecting torch>=2.2 (from sentence-transformers>=3.0.0)
  Using cached torch-2.14.0-cp311-cp311-manylinux_2_28_x86_64.whl.metadata (37 kB)
Requirement already satisfied: numpy>=1.24.0 in /usr/local/lib/python3.11/site-packages (from sentence-transformers>=3.0.0) (2.4.6)
Collecting scikit-learn>=1.1.0 (from sentence-transformers>=3.0.0)
  Using cached scikit_learn-1.9.1-cp311-cp311-manylinux_2_27_x86_64.manylinux_2_28_x86_64.whl.metadata (9.3 kB)
Collecting scipy>=1.0.0 (from sentence-transformers>=3.0.0)
  Using cached scipy-1.17.1-cp311-cp311-manylinux_2_27_x86_64.manylinux_2_28_x86_64.whl.metadata (62 kB)
Requirement already satisfied: typing_extensions>=4.10.0 in /usr/local/lib/python3.11/site-packages (from sentence-transformers>=3.0.0) (4.16.0)
Collecting tqdm>=4.0.0 (from sentence-transformers>=3.0.0)
  Using cached tqdm-4.70.0-py3-none-any.whl.metadata (57 kB)
Requirement already satisfied: click<9.0.0,>=8.4.2 in /usr/local/lib/python3.11/site-packages (from huggingface-hub<2.0.0,>=1.3.0->sentence-transformers>=3.0.0) (8.5.0)
Collecting filelock>=3.10.0 (from huggingface-hub<2.0.0,>=1.3.0->sentence-transformers>=3.0.0)
  Using cached filelock-3.32.6-py3-none-any.whl.metadata (2.0 kB)
Collecting fsspec>=2023.5.0 (from huggingface-hub<2.0.0,>=1.3.0->sentence-transformers>=3.0.0)
  Using cached fsspec-2026.7.0-py3-none-any.whl.metadata (10 kB)
Collecting hf-xet<2.0.0,>=1.5.2 (from huggingface-hub<2.0.0,>=1.3.0->sentence-transformers>=3.0.0)
  Using cached hf_xet-1.6.0-cp38-abi3-manylinux2014_x86_64.manylinux_2_17_x86_64.whl.metadata (4.9 kB)
Requirement already satisfied: httpx<1,>=0.23.0 in /usr/local/lib/python3.11/site-packages (from huggingface-hub<2.0.0,>=1.3.0->sentence-transformers>=3.0.0) (0.28.1)
Requirement already satisfied: packaging>=20.9 in /usr/local/lib/python3.11/site-packages (from huggingface-hub<2.0.0,>=1.3.0->sentence-transformers>=3.0.0) (26.3)
Requirement already satisfied: pyyaml>=5.1 in /usr/local/lib/python3.11/site-packages (from huggingface-hub<2.0.0,>=1.3.0->sentence-transformers>=3.0.0) (6.0.3)
Requirement already satisfied: anyio in /usr/local/lib/python3.11/site-packages (from httpx<1,>=0.23.0->huggingface-hub<2.0.0,>=1.3.0->sentence-transformers>=3.0.0) (4.14.2)
Requirement already satisfied: certifi in /usr/local/lib/python3.11/site-packages (from httpx<1,>=0.23.0->huggingface-hub<2.0.0,>=1.3.0->sentence-transformers>=3.0.0) (2026.7.22)
Requirement already satisfied: httpcore==1.* in /usr/local/lib/python3.11/site-packages (from httpx<1,>=0.23.0->huggingface-hub<2.0.0,>=1.3.0->sentence-transformers>=3.0.0) (1.0.9)
Requirement already satisfied: idna in /usr/local/lib/python3.11/site-packages (from httpx<1,>=0.23.0->huggingface-hub<2.0.0,>=1.3.0->sentence-transformers>=3.0.0) (3.19)
Requirement already satisfied: h11>=0.16 in /usr/local/lib/python3.11/site-packages (from httpcore==1.*->httpx<1,>=0.23.0->huggingface-hub<2.0.0,>=1.3.0->sentence-transformers>=3.0.0) (0.16.0)
Collecting regex>=2025.10.22 (from transformers<6.0.0,>=5.0.0->sentence-transformers>=3.0.0)
  Using cached regex-2026.9.10-cp311-cp311-manylinux2014_x86_64.manylinux_2_17_x86_64.manylinux_2_28_x86_64.whl.metadata (40 kB)
Collecting typer (from transformers<6.0.0,>=5.0.0->sentence-transformers>=3.0.0)
  Using cached typer-0.27.2-py3-none-any.whl.metadata (16 kB)
Collecting safetensors>=0.8.0 (from transformers<6.0.0,>=5.0.0->sentence-transformers>=3.0.0)
  Using cached safetensors-0.8.0-cp310-abi3-manylinux_2_17_x86_64.manylinux2014_x86_64.whl.metadata (4.2 kB)
Collecting joblib>=1.4.0 (from scikit-learn>=1.1.0->sentence-transformers>=3.0.0)
  Using cached joblib-1.6.0-py3-none-any.whl.metadata (6.5 kB)
Collecting narwhals>=2.0.1 (from scikit-learn>=1.1.0->sentence-transformers>=3.0.0)
  Using cached narwhals-2.26.0-py3-none-any.whl.metadata (15 kB)
Collecting threadpoolctl>=3.5.0 (from scikit-learn>=1.1.0->sentence-transformers>=3.0.0)
  Using cached threadpoolctl-3.6.0-py3-none-any.whl.metadata (13 kB)
Collecting cloudpickle>=3.0 (from joblib>=1.4.0->scikit-learn>=1.1.0->sentence-transformers>=3.0.0)
  Using cached cloudpickle-3.1.2-py3-none-any.whl.metadata (7.1 kB)
Requirement already satisfied: setuptools>=77.0.3 in /usr/local/lib/python3.11/site-packages (from torch>=2.2->sentence-transformers>=3.0.0) (79.0.1)
Collecting sympy>=1.13.3 (from torch>=2.2->sentence-transformers>=3.0.0)
  Using cached sympy-1.14.0-py3-none-any.whl.metadata (12 kB)
Collecting networkx>=2.5.1 (from torch>=2.2->sentence-transformers>=3.0.0)
  Using cached networkx-3.6.1-py3-none-any.whl.metadata (6.8 kB)
Collecting jinja2 (from torch>=2.2->sentence-transformers>=3.0.0)
  Using cached jinja2-3.1.6-py3-none-any.whl.metadata (2.9 kB)
Collecting cuda-toolkit==13.0.3 (from cuda-toolkit[cublas,cudart,cufft,cufile,cupti,curand,cusolver,cusparse,nvjitlink,nvrtc,nvtx]==13.0.3; platform_system == "Linux"->torch>=2.2->sentence-transformers>=3.0.0)
  Using cached cuda_toolkit-13.0.3.0-py2.py3-none-any.whl.metadata (17 kB)
Collecting cuda-bindings<14,>=13.0.3 (from torch>=2.2->sentence-transformers>=3.0.0)
  Using cached cuda_bindings-13.4.1-cp311-cp311-manylinux_2_24_x86_64.manylinux_2_28_x86_64.whl.metadata (2.4 kB)
Collecting nvidia-cudnn-cu13==9.24.0.43 (from torch>=2.2->sentence-transformers>=3.0.0)
  Using cached nvidia_cudnn_cu13-9.24.0.43-py3-none-manylinux_2_27_x86_64.whl.metadata (1.9 kB)
Collecting nvidia-cusparselt-cu13==0.8.1 (from torch>=2.2->sentence-transformers>=3.0.0)
  Using cached nvidia_cusparselt_cu13-0.8.1-py3-none-manylinux2014_x86_64.whl.metadata (12 kB)
Collecting nvidia-nccl-cu13==2.30.7 (from torch>=2.2->sentence-transformers>=3.0.0)
  Using cached nvidia_nccl_cu13-2.30.7-py3-none-manylinux_2_18_x86_64.whl.metadata (2.1 kB)
Collecting nvidia-nvshmem-cu13==3.4.5 (from torch>=2.2->sentence-transformers>=3.0.0)
  Using cached nvidia_nvshmem_cu13-3.4.5-py3-none-manylinux2014_x86_64.manylinux_2_17_x86_64.whl.metadata (2.1 kB)
Collecting triton~=3.8.0 (from torch>=2.2->sentence-transformers>=3.0.0)
  Using cached triton-3.8.0-cp311-cp311-manylinux_2_27_x86_64.manylinux_2_28_x86_64.whl.metadata (978 bytes)
Collecting nvidia-cublas==13.1.1.3.* (from cuda-toolkit[cublas,cudart,cufft,cufile,cupti,curand,cusolver,cusparse,nvjitlink,nvrtc,nvtx]==13.0.3; platform_system == "Linux"->torch>=2.2->sentence-transformers>=3.0.0)
  Using cached nvidia_cublas-13.1.1.3-py3-none-manylinux_2_27_x86_64.whl.metadata (1.8 kB)
Collecting nvidia-cuda-nvrtc==13.0.88.* (from cuda-toolkit[cublas,cudart,cufft,cufile,cupti,curand,cusolver,cusparse,nvjitlink,nvrtc,nvtx]==13.0.3; platform_system == "Linux"->torch>=2.2->sentence-transformers>=3.0.0)
  Using cached nvidia_cuda_nvrtc-13.0.88-py3-none-manylinux2010_x86_64.manylinux_2_12_x86_64.whl.metadata (1.7 kB)
Collecting nvidia-cuda-runtime==13.0.96.* (from cuda-toolkit[cublas,cudart,cufft,cufile,cupti,curand,cusolver,cusparse,nvjitlink,nvrtc,nvtx]==13.0.3; platform_system == "Linux"->torch>=2.2->sentence-transformers>=3.0.0)
  Using cached nvidia_cuda_runtime-13.0.96-py3-none-manylinux2014_x86_64.manylinux_2_17_x86_64.whl.metadata (1.7 kB)
Collecting nvidia-cufft==12.0.0.61.* (from cuda-toolkit[cublas,cudart,cufft,cufile,cupti,curand,cusolver,cusparse,nvjitlink,nvrtc,nvtx]==13.0.3; platform_system == "Linux"->torch>=2.2->sentence-transformers>=3.0.0)
  Using cached nvidia_cufft-12.0.0.61-py3-none-manylinux2014_x86_64.manylinux_2_17_x86_64.whl.metadata (1.8 kB)
Collecting nvidia-nvjitlink<14,>=13.0.88 (from cuda-toolkit[cublas,cudart,cufft,cufile,cupti,curand,cusolver,cusparse,nvjitlink,nvrtc,nvtx]==13.0.3; platform_system == "Linux"->torch>=2.2->sentence-transformers>=3.0.0)
  Using cached nvidia_nvjitlink-13.4.52-py3-none-manylinux2010_x86_64.manylinux_2_12_x86_64.whl.metadata (1.8 kB)
Collecting nvidia-cufile==1.15.1.6.* (from cuda-toolkit[cublas,cudart,cufft,cufile,cupti,curand,cusolver,cusparse,nvjitlink,nvrtc,nvtx]==13.0.3; platform_system == "Linux"->torch>=2.2->sentence-transformers>=3.0.0)
  Using cached nvidia_cufile-1.15.1.6-py3-none-manylinux2014_x86_64.manylinux_2_17_x86_64.whl.metadata (1.7 kB)
Collecting nvidia-cuda-cupti==13.0.85.* (from cuda-toolkit[cublas,cudart,cufft,cufile,cupti,curand,cusolver,cusparse,nvjitlink,nvrtc,nvtx]==13.0.3; platform_system == "Linux"->torch>=2.2->sentence-transformers>=3.0.0)
  Using cached nvidia_cuda_cupti-13.0.85-py3-none-manylinux_2_25_x86_64.whl.metadata (1.7 kB)
Collecting nvidia-curand==10.4.0.35.* (from cuda-toolkit[cublas,cudart,cufft,cufile,cupti,curand,cusolver,cusparse,nvjitlink,nvrtc,nvtx]==13.0.3; platform_system == "Linux"->torch>=2.2->sentence-transformers>=3.0.0)
  Using cached nvidia_curand-10.4.0.35-py3-none-manylinux_2_27_x86_64.whl.metadata (1.7 kB)
Collecting nvidia-cusolver==12.0.4.66.* (from cuda-toolkit[cublas,cudart,cufft,cufile,cupti,curand,cusolver,cusparse,nvjitlink,nvrtc,nvtx]==13.0.3; platform_system == "Linux"->torch>=2.2->sentence-transformers>=3.0.0)
  Using cached nvidia_cusolver-12.0.4.66-py3-none-manylinux_2_27_x86_64.whl.metadata (1.8 kB)
Collecting nvidia-cusparse==12.6.3.3.* (from cuda-toolkit[cublas,cudart,cufft,cufile,cupti,curand,cusolver,cusparse,nvjitlink,nvrtc,nvtx]==13.0.3; platform_system == "Linux"->torch>=2.2->sentence-transformers>=3.0.0)
  Using cached nvidia_cusparse-12.6.3.3-py3-none-manylinux2014_x86_64.manylinux_2_17_x86_64.whl.metadata (1.8 kB)
Collecting nvidia-nvtx==13.0.85.* (from cuda-toolkit[cublas,cudart,cufft,cufile,cupti,curand,cusolver,cusparse,nvjitlink,nvrtc,nvtx]==13.0.3; platform_system == "Linux"->torch>=2.2->sentence-transformers>=3.0.0)
  Using cached nvidia_nvtx-13.0.85-py3-none-manylinux1_x86_64.manylinux_2_5_x86_64.whl.metadata (1.8 kB)
Collecting cuda-pathfinder>=1.4.2 (from cuda-bindings<14,>=13.0.3->torch>=2.2->sentence-transformers>=3.0.0)
  Using cached cuda_pathfinder-1.8.1-py3-none-any.whl.metadata (1.9 kB)
Collecting mpmath<1.4,>=1.1.0 (from sympy>=1.13.3->torch>=2.2->sentence-transformers>=3.0.0)
  Using cached mpmath-1.3.0-py3-none-any.whl.metadata (8.6 kB)
Requirement already satisfied: MarkupSafe>=2.0 in /usr/local/lib/python3.11/site-packages (from jinja2->torch>=2.2->sentence-transformers>=3.0.0) (3.0.3)
Collecting shellingham>=1.3.0 (from typer->transformers<6.0.0,>=5.0.0->sentence-transformers>=3.0.0)
  Using cached shellingham-1.5.4-py2.py3-none-any.whl.metadata (3.5 kB)
Collecting rich>=13.8.0 (from typer->transformers<6.0.0,>=5.0.0->sentence-transformers>=3.0.0)
  Using cached rich-15.0.0-py3-none-any.whl.metadata (18 kB)
Requirement already satisfied: annotated-doc>=0.0.2 in /usr/local/lib/python3.11/site-packages (from typer->transformers<6.0.0,>=5.0.0->sentence-transformers>=3.0.0) (0.0.5)
Collecting markdown-it-py>=2.2.0 (from rich>=13.8.0->typer->transformers<6.0.0,>=5.0.0->sentence-transformers>=3.0.0)
  Using cached markdown_it_py-4.2.0-py3-none-any.whl.metadata (7.4 kB)
Requirement already satisfied: pygments<3.0.0,>=2.13.0 in /usr/local/lib/python3.11/site-packages (from rich>=13.8.0->typer->transformers<6.0.0,>=5.0.0->sentence-transformers>=3.0.0) (2.21.0)
Collecting mdurl~=0.1 (from markdown-it-py>=2.2.0->rich>=13.8.0->typer->transformers<6.0.0,>=5.0.0->sentence-transformers>=3.0.0)
  Using cached mdurl-0.1.2-py3-none-any.whl.metadata (1.6 kB)
Using cached sentence_transformers-6.0.1-py3-none-any.whl (739 kB)
Using cached huggingface_hub-1.31.0-py3-none-any.whl (798 kB)
Using cached hf_xet-1.6.0-cp38-abi3-manylinux2014_x86_64.manylinux_2_17_x86_64.whl (4.5 MB)
Using cached transformers-5.17.0-py3-none-any.whl (12.3 MB)
Using cached tokenizers-0.23.2-cp310-abi3-manylinux_2_17_x86_64.manylinux2014_x86_64.whl (3.4 MB)
Using cached filelock-3.32.6-py3-none-any.whl (100 kB)
Using cached fsspec-2026.7.0-py3-none-any.whl (206 kB)
Using cached regex-2026.9.10-cp311-cp311-manylinux2014_x86_64.manylinux_2_17_x86_64.manylinux_2_28_x86_64.whl (802 kB)
Using cached safetensors-0.8.0-cp310-abi3-manylinux_2_17_x86_64.manylinux2014_x86_64.whl (516 kB)
Using cached scikit_learn-1.9.1-cp311-cp311-manylinux_2_27_x86_64.manylinux_2_28_x86_64.whl (9.3 MB)
Using cached joblib-1.6.0-py3-none-any.whl (306 kB)
Using cached cloudpickle-3.1.2-py3-none-any.whl (22 kB)
Using cached narwhals-2.26.0-py3-none-any.whl (474 kB)
Using cached scipy-1.17.1-cp311-cp311-manylinux_2_27_x86_64.manylinux_2_28_x86_64.whl (35.3 MB)
Using cached threadpoolctl-3.6.0-py3-none-any.whl (18 kB)
Downloading torch-2.14.0-cp311-cp311-manylinux_2_28_x86_64.whl (554.6 MB)
   ━━━━━━━━━━                              143.4/554.6 MB 671.7 kB/s eta 0:10:13
WARNING: Connection interrupted while downloading.
WARNING: Attempting to resume incomplete download (143.4 MB/554.6 MB, attempt 1)
WARNING: Retrying (Retry(total=4, connect=None, read=None, redirect=None, status=None)) after connection broken by 'NameResolutionError("HTTPSConnection(host='files.pythonhosted.org', port=443): Failed to resolve 'files.pythonhosted.org' ([Errno -2] Name or service not known)")': /packages/8d/be/c0c8a845bf00552960d2f1f6a00b6ac9750fd312f55429c3e8c6c0e3aac4/torch-2.14.0-cp311-cp311-manylinux_2_28_x86_64.whl
WARNING: Retrying (Retry(total=3, connect=None, read=None, redirect=None, status=None)) after connection broken by 'NameResolutionError("HTTPSConnection(host='files.pythonhosted.org', port=443): Failed to resolve 'files.pythonhosted.org' ([Errno -2] Name or service not known)")': /packages/8d/be/c0c8a845bf00552960d2f1f6a00b6ac9750fd312f55429c3e8c6c0e3aac4/torch-2.14.0-cp311-cp311-manylinux_2_28_x86_64.whl
WARNING: Retrying (Retry(total=2, connect=None, read=None, redirect=None, status=None)) after connection broken by 'NameResolutionError("HTTPSConnection(host='files.pythonhosted.org', port=443): Failed to resolve 'files.pythonhosted.org' ([Errno -2] Name or service not known)")': /packages/8d/be/c0c8a845bf00552960d2f1f6a00b6ac9750fd312f55429c3e8c6c0e3aac4/torch-2.14.0-cp311-cp311-manylinux_2_28_x86_64.whl
WARNING: Retrying (Retry(total=1, connect=None, read=None, redirect=None, status=None)) after connection broken by 'NameResolutionError("HTTPSConnection(host='files.pythonhosted.org', port=443): Failed to resolve 'files.pythonhosted.org' ([Errno -2] Name or service not known)")': /packages/8d/be/c0c8a845bf00552960d2f1f6a00b6ac9750fd312f55429c3e8c6c0e3aac4/torch-2.14.0-cp311-cp311-manylinux_2_28_x86_64.whl
WARNING: Retrying (Retry(total=0, connect=None, read=None, redirect=None, status=None)) after connection broken by 'NameResolutionError("HTTPSConnection(host='files.pythonhosted.org', port=443): Failed to resolve 'files.pythonhosted.org' ([Errno -2] Name or service not known)")': /packages/8d/be/c0c8a845bf00552960d2f1f6a00b6ac9750fd312f55429c3e8c6c0e3aac4/torch-2.14.0-cp311-cp311-manylinux_2_28_x86_64.whl
Resuming download torch-2.14.0-cp311-cp311-manylinux_2_28_x86_64.whl (143.4 MB/554.6 MB)
   ━━━━━━━━━━━━━━━━╸                       237.3/554.6 MB 483.1 kB/s eta 0:10:57
WARNING: Connection interrupted while downloading.
WARNING: Attempting to resume incomplete download (237.3 MB/554.6 MB, attempt 2)
WARNING: Retrying (Retry(total=4, connect=None, read=None, redirect=None, status=None)) after connection broken by 'NameResolutionError("HTTPSConnection(host='files.pythonhosted.org', port=443): Failed to resolve 'files.pythonhosted.org' ([Errno -2] Name or service not known)")': /packages/8d/be/c0c8a845bf00552960d2f1f6a00b6ac9750fd312f55429c3e8c6c0e3aac4/torch-2.14.0-cp311-cp311-manylinux_2_28_x86_64.whl
WARNING: Retrying (Retry(total=3, connect=None, read=None, redirect=None, status=None)) after connection broken by 'NameResolutionError("HTTPSConnection(host='files.pythonhosted.org', port=443): Failed to resolve 'files.pythonhosted.org' ([Errno -2] Name or service not known)")': /packages/8d/be/c0c8a845bf00552960d2f1f6a00b6ac9750fd312f55429c3e8c6c0e3aac4/torch-2.14.0-cp311-cp311-manylinux_2_28_x86_64.whl
WARNING: Retrying (Retry(total=2, connect=None, read=None, redirect=None, status=None)) after connection broken by 'NameResolutionError("HTTPSConnection(host='files.pythonhosted.org', port=443): Failed to resolve 'files.pythonhosted.org' ([Errno -2] Name or service not known)")': /packages/8d/be/c0c8a845bf00552960d2f1f6a00b6ac9750fd312f55429c3e8c6c0e3aac4/torch-2.14.0-cp311-cp311-manylinux_2_28_x86_64.whl
WARNING: Retrying (Retry(total=1, connect=None, read=None, redirect=None, status=None)) after connection broken by 'NameResolutionError("HTTPSConnection(host='files.pythonhosted.org', port=443): Failed to resolve 'files.pythonhosted.org' ([Errno -2] Name or service not known)")': /packages/8d/be/c0c8a845bf00552960d2f1f6a00b6ac9750fd312f55429c3e8c6c0e3aac4/torch-2.14.0-cp311-cp311-manylinux_2_28_x86_64.whl
Resuming download torch-2.14.0-cp311-cp311-manylinux_2_28_x86_64.whl (237.3 MB/554.6 MB)
   ━━━━━━━━━━━━━━━━━━━━━━━━━━━━━━━━━━━━━━━━ 554.6/554.6 MB 706.5 kB/s  0:07:48
Using cached cuda_toolkit-13.0.3.0-py2.py3-none-any.whl (2.5 kB)
Downloading nvidia_cudnn_cu13-9.24.0.43-py3-none-manylinux_2_27_x86_64.whl (553.1 MB)
